******************************************************************************
                  TI ARM Linker PC v20.2.7                     
******************************************************************************
>> Linked Tue Feb 21 00:57:35 2023

OUTPUT FILE NAME:   <project4.out>
ENTRY POINT SYMBOL: "_c_int00_noargs"  address: 000007d5


MEMORY CONFIGURATION

         name            origin    length      used     unused   attr    fill
----------------------  --------  ---------  --------  --------  ----  --------
  FLASH                 00000000   00040000  00000852  0003f7ae  R  X
  SRAM                  20000000   00008000  00000210  00007df0  RW X


SEGMENT ALLOCATION MAP

run origin  load origin   length   init length attrs members
----------  ----------- ---------- ----------- ----- -------
00000000    00000000    00000858   00000858    r-x
  00000000    00000000    0000026c   0000026c    r-- .intvecs
  0000026c    0000026c    000005be   000005be    r-x .text
  00000830    00000830    00000028   00000028    r-- .cinit
20000000    20000000    00000210   00000000    rw-
  20000000    20000000    00000200   00000000    rw- .stack
  20000200    20000200    00000010   00000000    rw- .data


SECTION ALLOCATION MAP

 output                                  attributes/
section   page    origin      length       input sections
--------  ----  ----------  ----------   ----------------
.intvecs   0    00000000    0000026c     
                  00000000    0000026c     tm4c123gh6pm_startup_ccs.obj (.intvecs)

.text      0    0000026c    000005be     
                  0000026c    00000420     main.obj (.text)
                  0000068c    0000009c     rtsv7M4_T_le_v4SPD16_eabi.lib : memcpy_t2.asm.obj (.text)
                  00000728    00000068                                   : copy_decompress_lzss.c.obj (.text:decompress:lzss:__TI_decompress_lzss)
                  00000790    00000044                                   : autoinit.c.obj (.text:__TI_auto_init_nobinit_nopinit:__TI_auto_init_nobinit_nopinit)
                  000007d4    00000034                                   : boot_cortex_m.c.obj (.text:_c_int00_noargs:_c_int00_noargs)
                  00000808    0000000e                                   : copy_decompress_none.c.obj (.text:decompress:none:__TI_decompress_none)
                  00000816    0000000c     tm4c123gh6pm_startup_ccs.obj (.text)
                  00000822    00000004     rtsv7M4_T_le_v4SPD16_eabi.lib : pre_init.c.obj (.text:_system_pre_init)
                  00000826    00000004                                   : exit.c.obj (.text:abort:abort)

.cinit     0    00000830    00000028     
                  00000830    00000016     (.cinit..data.load) [load image, compression = lzss]
                  00000846    00000002     --HOLE-- [fill = 0]
                  00000848    00000008     (__TI_handler_table)
                  00000850    00000008     (__TI_cinit_table)

.init_array 
*          0    00000000    00000000     UNINITIALIZED

.data      0    20000200    00000010     UNINITIALIZED
                  20000200    00000010     main.obj (.data:keypad)

.stack     0    20000000    00000200     UNINITIALIZED
                  20000000    00000004     rtsv7M4_T_le_v4SPD16_eabi.lib : boot_cortex_m.c.obj (.stack)
                  20000004    000001fc     --HOLE--

__llvm_prf_cnts 
*          0    20000000    00000000     UNINITIALIZED

MODULE SUMMARY

       Module                         code   ro data   rw data
       ------                         ----   -------   -------
    .\
       main.obj                       1056   0         16     
       tm4c123gh6pm_startup_ccs.obj   12     620       0      
    +--+------------------------------+------+---------+---------+
       Total:                         1068   620       16     
                                                              
    C:\ti\ccs1220\ccs\tools\compiler\ti-cgt-arm_20.2.7.LTS\lib\rtsv7M4_T_le_v4SPD16_eabi.lib
       memcpy_t2.asm.obj              156    0         0      
       copy_decompress_lzss.c.obj     104    0         0      
       autoinit.c.obj                 68     0         0      
       boot_cortex_m.c.obj            52     0         0      
       copy_decompress_none.c.obj     14     0         0      
       exit.c.obj                     4      0         0      
       pre_init.c.obj                 4      0         0      
    +--+------------------------------+------+---------+---------+
       Total:                         402    0         0      
                                                              
       Stack:                         0      0         512    
       Linker Generated:              0      38        0      
    +--+------------------------------+------+---------+---------+
       Grand Total:                   1470   658       528    


LINKER GENERATED COPY TABLES

__TI_cinit_table @ 00000850 records: 1, size/record: 8, table size: 8
	.data: load addr=00000830, load size=00000016 bytes, run addr=20000200, run size=00000010 bytes, compression=lzss


LINKER GENERATED HANDLER TABLE

__TI_handler_table @ 00000848 records: 2, size/record: 4, table size: 8
	index: 0, handler: __TI_decompress_lzss
	index: 1, handler: __TI_decompress_none


GLOBAL SYMBOLS: SORTED ALPHABETICALLY BY Name 

address   name                          
-------   ----                          
00000827  C$$EXIT                       
00000465  Delay                         
000005bd  KEY_PAD_current_key           
00000625  KEY_PAD_input                 
00000565  KEY_PAD_setup                 
000004ff  LCD_print_int                 
000003d9  LCD_setup                     
000004d1  LCD_write_DR                  
000004a3  LCD_write_IR                  
00000817  ResetISR                      
20000200  __STACK_END                   
00000200  __STACK_SIZE                  
20000200  __STACK_TOP                   
00000850  __TI_CINIT_Base               
00000858  __TI_CINIT_Limit              
00000848  __TI_Handler_Table_Base       
00000850  __TI_Handler_Table_Limit      
00000791  __TI_auto_init_nobinit_nopinit
00000729  __TI_decompress_lzss          
00000809  __TI_decompress_none          
ffffffff  __TI_pprof_out_hndl           
ffffffff  __TI_prof_data_size           
ffffffff  __TI_prof_data_start          
00000000  __TI_static_base__            
0000068d  __aeabi_memcpy                
0000068d  __aeabi_memcpy4               
0000068d  __aeabi_memcpy8               
ffffffff  __binit__                     
ffffffff  __c_args__                    
UNDEFED   __mpu_init                    
20000000  __stack                       
20000000  __start___llvm_prf_cnts       
20000000  __stop___llvm_prf_cnts        
000007d5  _c_int00_noargs               
UNDEFED   _system_post_cinit            
00000823  _system_pre_init              
00000827  abort                         
ffffffff  binit                         
00000000  g_pfnVectors                  
20000200  keypad                        
0000026d  main                          
0000068d  memcpy                        


GLOBAL SYMBOLS: SORTED BY Symbol Address 

address   name                          
-------   ----                          
00000000  __TI_static_base__            
00000000  g_pfnVectors                  
00000200  __STACK_SIZE                  
0000026d  main                          
000003d9  LCD_setup                     
00000465  Delay                         
000004a3  LCD_write_IR                  
000004d1  LCD_write_DR                  
000004ff  LCD_print_int                 
00000565  KEY_PAD_setup                 
000005bd  KEY_PAD_current_key           
00000625  KEY_PAD_input                 
0000068d  __aeabi_memcpy                
0000068d  __aeabi_memcpy4               
0000068d  __aeabi_memcpy8               
0000068d  memcpy                        
00000729  __TI_decompress_lzss          
00000791  __TI_auto_init_nobinit_nopinit
000007d5  _c_int00_noargs               
00000809  __TI_decompress_none          
00000817  ResetISR                      
00000823  _system_pre_init              
00000827  C$$EXIT                       
00000827  abort                         
00000848  __TI_Handler_Table_Base       
00000850  __TI_CINIT_Base               
00000850  __TI_Handler_Table_Limit      
00000858  __TI_CINIT_Limit              
20000000  __stack                       
20000000  __start___llvm_prf_cnts       
20000000  __stop___llvm_prf_cnts        
20000200  __STACK_END                   
20000200  __STACK_TOP                   
20000200  keypad                        
ffffffff  __TI_pprof_out_hndl           
ffffffff  __TI_prof_data_size           
ffffffff  __TI_prof_data_start          
ffffffff  __binit__                     
ffffffff  __c_args__                    
ffffffff  binit                         
UNDEFED   __mpu_init                    
UNDEFED   _system_post_cinit            

[42 symbols]
